16:43:22 **** Build of configuration Default for project IMU_module ****
make all 
Compiler Options
arm-none-eabi-gcc -c -mcpu=cortex-m4 -O0 -ggdb -fomit-frame-pointer -falign-functions=16 -ffunction-sections -fdata-sections -fno-common -mfloat-abi=hard -mfpu=fpv4-sp-d16 -fsingle-precision-constant -Wall -Wextra -Wstrict-prototypes -Wa,-alms=build/lst/ -DMODULE_NAME="uDC_module" -DCORTEX_USE_FPU=TRUE -DR2P_ITERATE_PUBSUB=1 -DR2P_USE_BRIDGE_MODE=0 -DR2P_USE_BOOTLOADER=0 -DTHUMB_PRESENT -mno-thumb-interwork -DTHUMB_NO_INTERWORKING -MD -MP -MF .dep/build.d -I. -I/opt/r2p/core/ChibiOS_2.6.5/os/ports/common/ARMCMx/CMSIS/include -I/opt/r2p/core/ChibiOS_2.6.5/os/ports/common/ARMCMx -I/opt/r2p/core/ChibiOS_2.6.5/os/ports/GCC/ARMCMx -I/opt/r2p/core/ChibiOS_2.6.5/os/ports/GCC/ARMCMx/STM32F3xx -I/opt/r2p/core/ChibiOS_2.6.5/os/kernel/include -I/opt/r2p/core/ChibiOS_2.6.5/os/hal/include -I/opt/r2p/core/ChibiOS_2.6.5/os/hal/platforms/STM32F30x -I/opt/r2p/core/ChibiOS_2.6.5/os/hal/platforms/STM32 -I/opt/r2p/core/ChibiOS_2.6.5/os/hal/platforms/STM32/GPIOv2 -I/opt/r2p/core/ChibiOS_2.6.5/os/hal/platforms/STM32/I2Cv2 -I/opt/r2p/core/ChibiOS_2.6.5/os/hal/platforms/STM32/RTCv2 -I/opt/r2p/core/ChibiOS_2.6.5/os/hal/platforms/STM32/SPIv2 -I/opt/r2p/core/ChibiOS_2.6.5/os/hal/platforms/STM32/TIMv1 -I/opt/r2p/core/ChibiOS_2.6.5/os/hal/platforms/STM32/USARTv2 -I/opt/r2p/core/ChibiOS_2.6.5/os/hal/platforms/STM32/USBv1 -I/opt/r2p/core/ChibiOS_2.6.5/os/various -I/opt/r2p/core/RTCAN/include -I/opt/r2p/core/RTCAN/platforms/STM32 -I/opt/r2p/core/Middleware/include -I/opt/r2p/core/Middleware/port/chibios/include -I/opt/r2p/packages -I/opt/r2p/modules/IMU_module main.c -o main.o

mkdir -p build/obj
mkdir -p build/lst
Compiling crt0.c
Compiling vectors.c
Compiling chcore.c
Compiling chcore_v7m.c
Compiling nvic.c
Compiling chsys.c
Compiling chdebug.c
Compiling chlists.c
Compiling chvt.c
Compiling chschd.c
Compiling chthreads.c
Compiling chdynamic.c
Compiling chregistry.c
Compiling chsem.c
Compiling chmtx.c
Compiling chcond.c
Compiling chevents.c
Compiling chmsg.c
Compiling chmboxes.c
Compiling chqueues.c
Compiling chmemcore.c
Compiling chheap.c
Compiling chmempools.c
Compiling hal.c
Compiling adc.c
Compiling can.c
Compiling ext.c
Compiling gpt.c
Compiling i2c.c
Compiling icu.c
Compiling mac.c
Compiling mmc_spi.c
Compiling mmcsd.c
Compiling pal.c
Compiling pwm.c
Compiling rtc.c
Compiling sdc.c
Compiling serial.c
Compiling serial_usb.c
Compiling spi.c
Compiling tm.c
Compiling uart.c
Compiling usb.c
Compiling stm32_dma.c
Compiling hal_lld.c
Compiling adc_lld.c
Compiling ext_lld_isr.c
Compiling can_lld.c
Compiling ext_lld.c
Compiling pal_lld.c
Compiling i2c_lld.c
Compiling rtc_lld.c
Compiling spi_lld.c
Compiling gpt_lld.c
Compiling icu_lld.c
Compiling pwm_lld.c
Compiling serial_lld.c
Compiling uart_lld.c
Compiling usb_lld.c
Compiling evtimer.c
Compiling syscalls.c
Compiling rtcan.c
Compiling msgqueue.c
Compiling hrt.c
Compiling srt.c
Compiling rtcan_lld_can.c
Compiling rtcan_lld_tim.c
Compiling board.c
Compiling stubs.c
Compiling l3gd20h.c
Compiling lps331ap.c
Compiling lsm303d.c
stubs.c:5:6: warning: function declaration isn't a prototype [-Wstrict-prototypes]
Compiling madgwick.c
Compiling ArrayQueue_.cpp
Compiling SimplePool_.cpp
 void __cxa_pure_virtual() {
      ^
stubs.c:22:5: warning: function declaration isn't a prototype [-Wstrict-prototypes]
 int _getpid() {
     ^
lps331ap.c:18:16: warning: 'bartp' defined but not used [-Wunused-variable]
 static Thread *bartp = NULL;
                ^
Compiling StaticList_.cpp
Compiling StaticQueue_.cpp
Compiling BasePublisher.cpp
Compiling BaseSubscriber.cpp
Compiling BaseSubscriberQueue.cpp
Compiling BootMsg.cpp
Compiling Checksummer.cpp
Compiling LocalPublisher.cpp
Compiling LocalSubscriber.cpp
Compiling MessagePtrQueue.cpp
Compiling Message.cpp
Compiling Middleware.cpp
Compiling Node.cpp
Compiling RemoteSubscriber.cpp
Compiling RemotePublisher.cpp
Compiling Time.cpp
Compiling TimestampedMsgPtrQueue.cpp
Compiling Topic.cpp
Compiling Transport.cpp
Compiling Utils.cpp
Compiling RTCANTransport.cpp
Compiling RTCANPublisher.cpp
Compiling RTCANSubscriber.cpp
/opt/r2p/core/Middleware/src/Middleware.cpp:24:35: warning: unused parameter 'boot_stackp' [-Wunused-parameter]
                             void *boot_stackp, size_t boot_stacklen,
                                   ^
/opt/r2p/core/Middleware/src/Middleware.cpp:24:55: warning: unused parameter 'boot_stacklen' [-Wunused-parameter]
                             void *boot_stackp, size_t boot_stacklen,
                                                       ^
/opt/r2p/core/Middleware/src/Middleware.cpp:25:46: warning: unused parameter 'boot_priority' [-Wunused-parameter]
                             Thread::Priority boot_priority) {
                                              ^
Compiling Middleware_.cpp
Compiling Time_.cpp
Compiling chnew.cpp
Compiling led.cpp
Compiling main.cpp
Linking build/fw.elf
Creating build/fw.hex
Creating build/fw.bin
Creating build/fw.dmp

   text	   data	    bss	    dec	    hex	filename
  59412	   1508	   6704	  67624	  10828	build/fw.elf

Done

16:43:23 Build Finished (took 1s.410ms)

