14:33:45 **** Incremental Build of configuration Default for project uDC_ntek ****
make all 
Compiling main.cpp
main.cpp:59:36: warning: missing initializer for member 'PWMConfig::dier' [-Wmissing-field-initializers]
  PWM_OUTPUT_DISABLED, NULL } }, 0, };
                                    ^
Linking build/fw.elf
Creating build/fw.hex
Creating build/fw.bin
Creating build/fw.dmp

   text	   data	    bss	    dec	    hex	filename
  64980	   2636	   6568	  74184	  121c8	build/fw.elf

Done

14:33:45 Build Finished (took 462ms)

